FAILED  : 

Cat dogs, too. (Intentional fail.)

Location: test-utf8.markdown, line 22
Function: Cat
Impl    : shell command "python cat.py"
Body    : n ← ★
Expected: output:
m ← ★
Actual  : output:
n ← ★

FAILED  : 

Cat (file) dogs, too. (Intentional fail.)

Location: test-utf8.markdown, line 37
Function: Cat (file)
Impl    : shell command "python cat.py -f %(test-body-file) -o %(output-file)"
Body    : n ← ★
Expected: output:
m ← ★
Actual  : output:
n ← ★

FAILED  : 

Cat (input) dogs with its input, too. (Intentional fail.)

Location: test-utf8.markdown, line 53
Function: Cat (input)
Impl    : shell command "python cat.py -f %(test-input-file) -o %(output-file)"
Body    : m ← ★
Expected: output:
m ← ★
Actual  : output:
n ← ♡

--------------------------------
Total test runs: 6, failures: 3
--------------------------------
