FAILED  : 

No CRLFs in test report (Intentional fail.)

Location: test-crlf.markdown, line 24
Impl    : shell command "python crlf.py"
Body    : 
one
two
Expected: output:
three
Actual  : output:
one
two

--------------------------------
Total test runs: 2, failures: 1
--------------------------------
